#
# There is insufficient memory for the Java Runtime Environment to continue.
# Native memory allocation (mmap) failed to map 264241152 bytes for G1 virtual space
# Possible reasons:
#   The system is out of physical RAM or swap space
#   The process is running with CompressedOops enabled, and the Java Heap may be blocking the growth of the native heap
# Possible solutions:
#   Reduce memory load on the system
#   Increase physical memory or swap space
#   Check if swap backing store is full
#   Decrease Java heap size (-Xmx/-Xms)
#   Decrease number of Java threads
#   Decrease Java thread stack sizes (-Xss)
#   Set larger code cache with -XX:ReservedCodeCacheSize=
#   JVM is running with Zero Based Compressed Oops mode in which the Java heap is
#     placed in the first 32GB address space. The Java Heap base address is the
#     maximum limit for the native heap growth. Please use -XX:HeapBaseMinAddress
#     to set the Java Heap base and to place the Java Heap above 32GB virtual address.
# This output file may be truncated or incomplete.
#
#  Out of Memory Error (os_windows.cpp:3548), pid=28748, tid=31916
#
# JRE version:  (17.0.11+7) (build )
# Java VM: Java HotSpot(TM) 64-Bit Server VM (17.0.11+7-LTS-207, mixed mode, emulated-client, sharing, tiered, compressed oops, compressed class ptrs, g1 gc, windows-amd64)
# No core dump will be written. Minidumps are not enabled by default on client versions of Windows
#

---------------  S U M M A R Y ------------

Command Line: -XX:TieredStopAtLevel=1 -Dspring.output.ansi.enabled=always -Dcom.sun.management.jmxremote -Dspring.jmx.enabled=true -Dspring.liveBeansView.mbeanDomain -Dspring.application.admin.enabled=true -Dmanagement.endpoints.jmx.exposure.include=* -javaagent:E:\Program Files\JetBrains\IntelliJ IDEA 2023.3.2\lib\idea_rt.jar=10750:E:\Program Files\JetBrains\IntelliJ IDEA 2023.3.2\bin -Dfile.encoding=UTF-8 io.github.qifan777.knowledge.ServerApplication

Host: 12th Gen Intel(R) Core(TM) i5-1240P, 16 cores, 15G,  Windows 11 , 64 bit Build 22621 (10.0.22621.4391)
Time: Mon Dec 16 18:41:55 2024  Windows 11 , 64 bit Build 22621 (10.0.22621.4391) elapsed time: 0.025137 seconds (0d 0h 0m 0s)

---------------  T H R E A D  ---------------

Current thread (0x0000018029af8aa0):  JavaThread "Unknown thread" [_thread_in_vm, id=31916, stack(0x000000516fb00000,0x000000516fc00000)]

Stack: [0x000000516fb00000,0x000000516fc00000]
Native frames: (J=compiled Java code, j=interpreted, Vv=VM code, C=native code)
V  [jvm.dll+0x679cca]
V  [jvm.dll+0x7da13d]
V  [jvm.dll+0x7dba83]
V  [jvm.dll+0x7dc0f3]
V  [jvm.dll+0x2449af]
V  [jvm.dll+0x676ce9]
V  [jvm.dll+0x66b852]
V  [jvm.dll+0x3018d6]
V  [jvm.dll+0x308e76]
V  [jvm.dll+0x3596ee]
V  [jvm.dll+0x35991f]
V  [jvm.dll+0x2d89a8]
V  [jvm.dll+0x2d9914]
V  [jvm.dll+0x7ac6b1]
V  [jvm.dll+0x366f61]
V  [jvm.dll+0x78b609]
V  [jvm.dll+0x3ec22f]
V  [jvm.dll+0x3ede61]
C  [jli.dll+0x5297]
C  [ucrtbase.dll+0x29333]
C  [KERNEL32.DLL+0x1259d]
C  [ntdll.dll+0x5af38]


---------------  P R O C E S S  ---------------

Threads class SMR info:
_java_thread_list=0x00007fff4ea17a18, length=0, elements={
}

Java Threads: ( => current thread )

Other Threads:
  0x0000018029b673e0 GCTaskThread "GC Thread#0" [stack: 0x000000516fc00000,0x000000516fd00000] [id=54288]
  0x0000018029b77e40 ConcurrentGCThread "G1 Main Marker" [stack: 0x000000516fd00000,0x000000516fe00000] [id=32688]
  0x0000018029b78850 ConcurrentGCThread "G1 Conc#0" [stack: 0x000000516fe00000,0x000000516ff00000] [id=2384]

[error occurred during error reporting (printing all threads), id 0xc0000005, EXCEPTION_ACCESS_VIOLATION (0xc0000005) at pc=0x00007fff4e249497]

VM state: not at safepoint (not fully initialized)

VM Mutex/Monitor currently owned by a thread:  ([mutex/lock_event])
[0x0000018029af60d0] Heap_lock - owner thread: 0x0000018029af8aa0

Heap address: 0x0000000704e00000, size: 4018 MB, Compressed Oops mode: Zero based, Oop shift amount: 3

CDS archive(s) mapped at: [0x0000000000000000-0x0000000000000000-0x0000000000000000), size 0, SharedBaseAddress: 0x0000000800000000, ArchiveRelocationMode: 1.
Narrow klass base: 0x0000000000000000, Narrow klass shift: 0, Narrow klass range: 0x0

GC Precious Log:
<Empty>

Heap:
 garbage-first heap   total 0K, used 0K [0x0000000704e00000, 0x0000000800000000)
  region size 2048K, 0 young (0K), 0 survivors (0K)

[error occurred during error reporting (printing heap information), id 0xc0000005, EXCEPTION_ACCESS_VIOLATION (0xc0000005) at pc=0x00007fff4e633559]

GC Heap History (0 events):
No events

Deoptimization events (0 events):
No events

Classes unloaded (0 events):
No events

Classes redefined (0 events):
No events

Internal exceptions (0 events):
No events

VM Operations (0 events):
No events

Events (1 events):
Event: 0.017 Loaded shared library E:\jdk-17.0.11\bin\java.dll


Dynamic libraries:
0x00007ff7e3dc0000 - 0x00007ff7e3dd0000 	E:\jdk-17.0.11\bin\java.exe
0x00007fffcd0d0000 - 0x00007fffcd2e7000 	C:\WINDOWS\SYSTEM32\ntdll.dll
0x00007fffcb110000 - 0x00007fffcb1d4000 	C:\WINDOWS\System32\KERNEL32.DLL
0x00007fffca3d0000 - 0x00007fffca789000 	C:\WINDOWS\System32\KERNELBASE.dll
0x00007fffca860000 - 0x00007fffca971000 	C:\WINDOWS\System32\ucrtbase.dll
0x00007fffb7a00000 - 0x00007fffb7a1b000 	E:\jdk-17.0.11\bin\VCRUNTIME140.dll
0x00007fffbd1f0000 - 0x00007fffbd209000 	E:\jdk-17.0.11\bin\jli.dll
0x00007fffccb90000 - 0x00007fffccc42000 	C:\WINDOWS\System32\ADVAPI32.dll
0x00007fffccc50000 - 0x00007fffcccf7000 	C:\WINDOWS\System32\msvcrt.dll
0x00007fffcb660000 - 0x00007fffcb707000 	C:\WINDOWS\System32\sechost.dll
0x00007fffca790000 - 0x00007fffca7b8000 	C:\WINDOWS\System32\bcrypt.dll
0x00007fffcbbb0000 - 0x00007fffcbcc4000 	C:\WINDOWS\System32\RPCRT4.dll
0x00007fffcc9e0000 - 0x00007fffccb8e000 	C:\WINDOWS\System32\USER32.dll
0x00007fffcad50000 - 0x00007fffcad76000 	C:\WINDOWS\System32\win32u.dll
0x00007fffcb890000 - 0x00007fffcb8b9000 	C:\WINDOWS\System32\GDI32.dll
0x00007fffcaac0000 - 0x00007fffcabdb000 	C:\WINDOWS\System32\gdi32full.dll
0x00007fffca7c0000 - 0x00007fffca85a000 	C:\WINDOWS\System32\msvcp_win.dll
0x00007fffae7e0000 - 0x00007fffaea72000 	C:\WINDOWS\WinSxS\amd64_microsoft.windows.common-controls_6595b64144ccf1df_6.0.22621.4391_none_2715d37f73803e96\COMCTL32.dll
0x00007fffb5e10000 - 0x00007fffb5e1a000 	C:\WINDOWS\SYSTEM32\VERSION.dll
0x00007fffcb8d0000 - 0x00007fffcb901000 	C:\WINDOWS\System32\IMM32.DLL
0x00007fffc2520000 - 0x00007fffc252c000 	E:\jdk-17.0.11\bin\vcruntime140_1.dll
0x00007fff8f180000 - 0x00007fff8f20e000 	E:\jdk-17.0.11\bin\msvcp140.dll
0x00007fff4df60000 - 0x00007fff4eb40000 	E:\jdk-17.0.11\bin\server\jvm.dll
0x00007fffcaeb0000 - 0x00007fffcaeb8000 	C:\WINDOWS\System32\PSAPI.DLL
0x00007fffbf1e0000 - 0x00007fffbf214000 	C:\WINDOWS\SYSTEM32\WINMM.dll
0x00007fffadd00000 - 0x00007fffadd09000 	C:\WINDOWS\SYSTEM32\WSOCK32.dll
0x00007fffcb090000 - 0x00007fffcb101000 	C:\WINDOWS\System32\ws2_32.DLL
0x00007fffc93d0000 - 0x00007fffc93e8000 	C:\WINDOWS\SYSTEM32\kernel.appcore.dll
0x00007fffb7c90000 - 0x00007fffb7c9a000 	E:\jdk-17.0.11\bin\jimage.dll
0x00007fffc7c80000 - 0x00007fffc7eb2000 	C:\WINDOWS\SYSTEM32\DBGHELP.DLL
0x00007fffcbcd0000 - 0x00007fffcc05f000 	C:\WINDOWS\System32\combase.dll
0x00007fffcaec0000 - 0x00007fffcaf97000 	C:\WINDOWS\System32\OLEAUT32.dll
0x00007fffb2450000 - 0x00007fffb2482000 	C:\WINDOWS\SYSTEM32\dbgcore.DLL
0x00007fffcaa40000 - 0x00007fffcaabb000 	C:\WINDOWS\System32\bcryptPrimitives.dll
0x00007fffc3880000 - 0x00007fffc388e000 	E:\jdk-17.0.11\bin\instrument.dll
0x00007fffb0920000 - 0x00007fffb0945000 	E:\jdk-17.0.11\bin\java.dll

dbghelp: loaded successfully - version: 4.0.5 - missing functions: none
symbol engine: initialized successfully - sym options: 0x614 - pdb path: .;E:\jdk-17.0.11\bin;C:\WINDOWS\SYSTEM32;C:\WINDOWS\WinSxS\amd64_microsoft.windows.common-controls_6595b64144ccf1df_6.0.22621.4391_none_2715d37f73803e96;E:\jdk-17.0.11\bin\server

VM Arguments:
jvm_args: -XX:TieredStopAtLevel=1 -Dspring.output.ansi.enabled=always -Dcom.sun.management.jmxremote -Dspring.jmx.enabled=true -Dspring.liveBeansView.mbeanDomain -Dspring.application.admin.enabled=true -Dmanagement.endpoints.jmx.exposure.include=* -javaagent:E:\Program Files\JetBrains\IntelliJ IDEA 2023.3.2\lib\idea_rt.jar=10750:E:\Program Files\JetBrains\IntelliJ IDEA 2023.3.2\bin -Dfile.encoding=UTF-8 
java_command: io.github.qifan777.knowledge.ServerApplication
java_class_path (initial): E:\桌面文件\2024Winter\Agent4U\dive-into-spring-ai\target\classes;C:\Users\DELL\.m2\repository\com\github\javaparser\javaparser-symbol-solver-core\3.26.2\javaparser-symbol-solver-core-3.26.2.jar;C:\Users\DELL\.m2\repository\com\github\javaparser\javaparser-core\3.26.2\javaparser-core-3.26.2.jar;C:\Users\DELL\.m2\repository\org\javassist\javassist\3.30.2-GA\javassist-3.30.2-GA.jar;C:\Users\DELL\.m2\repository\com\google\guava\guava\33.3.0-jre\guava-33.3.0-jre.jar;C:\Users\DELL\.m2\repository\com\google\guava\failureaccess\1.0.2\failureaccess-1.0.2.jar;C:\Users\DELL\.m2\repository\com\google\guava\listenablefuture\9999.0-empty-to-avoid-conflict-with-guava\listenablefuture-9999.0-empty-to-avoid-conflict-with-guava.jar;C:\Users\DELL\.m2\repository\com\google\code\findbugs\jsr305\3.0.2\jsr305-3.0.2.jar;C:\Users\DELL\.m2\repository\org\checkerframework\checker-qual\3.43.0\checker-qual-3.43.0.jar;C:\Users\DELL\.m2\repository\com\google\errorprone\error_prone_annotations\2.28.0\error_prone_annotations-2.28.0.jar;C:\Users\DELL\.m2\repository\com\google\j2objc\j2objc-annotations\3.0.0\j2objc-annotations-3.0.0.jar;C:\Users\DELL\.m2\repository\com\alibaba\easyexcel\3.3.4\easyexcel-3.3.4.jar;C:\Users\DELL\.m2\repository\com\alibaba\easyexcel-core\3.3.4\easyexcel-core-3.3.4.jar;C:\Users\DELL\.m2\repository\com\alibaba\easyexcel-support\3.3.4\easyexcel-support-3.3.4.jar;C:\Users\DELL\.m2\repository\org\apache\poi\poi\4.1.2\poi-4.1.2.jar;C:\Users\DELL\.m2\repository\org\apache\commons\commons-collections4\4.4\commons-collections4-4.4.jar;C:\Users\DELL\.m2\repository\org\apache\commons\commons-math3\3.6.1\commons-math3-3.6.1.jar;C:\Users\DELL\.m2\repository\com\zaxxer\SparseBitSet\1.2\SparseBitSet-1.2.jar;C:\Users\DELL\.m2\repository\org\apache\poi\poi-ooxml\4.1.2\poi-ooxml-4.1.2.jar;C:\Users\DELL\.m2\repository\org\apache\commons\commons-compress\1.19\commons-compress-1.19.jar;C:\Users\DELL\.m2\repository\com\github\virtuald\curvesapi\1.06\curvesapi-1.0
Launcher Type: SUN_STANDARD

[Global flags]
     intx CICompilerCount                          = 12                                        {product} {ergonomic}
     uint ConcGCThreads                            = 3                                         {product} {ergonomic}
     uint G1ConcRefinementThreads                  = 13                                        {product} {ergonomic}
   size_t G1HeapRegionSize                         = 2097152                                   {product} {ergonomic}
    uintx GCDrainStackTargetSize                   = 64                                        {product} {ergonomic}
   size_t InitialHeapSize                          = 264241152                                 {product} {ergonomic}
     bool ManagementServer                         = true                                      {product} {command line}
   size_t MarkStackSize                            = 4194304                                   {product} {ergonomic}
   size_t MaxHeapSize                              = 4213178368                                {product} {ergonomic}
   size_t MinHeapDeltaBytes                        = 2097152                                   {product} {ergonomic}
   size_t MinHeapSize                              = 8388608                                   {product} {ergonomic}
    uintx NonProfiledCodeHeapSize                  = 0                                      {pd product} {ergonomic}
     bool ProfileInterpreter                       = false                                  {pd product} {command line}
    uintx ProfiledCodeHeapSize                     = 0                                      {pd product} {ergonomic}
   size_t SoftMaxHeapSize                          = 4213178368                             {manageable} {ergonomic}
     intx TieredStopAtLevel                        = 1                                         {product} {command line}
     bool UseCompressedClassPointers               = true                           {product lp64_product} {ergonomic}
     bool UseCompressedOops                        = true                           {product lp64_product} {ergonomic}
     bool UseG1GC                                  = true                                      {product} {ergonomic}
     bool UseLargePagesIndividualAllocation        = false                                  {pd product} {ergonomic}

Logging:
Log output configuration:
 #0: stdout all=warning uptime,level,tags
 #1: stderr all=off uptime,level,tags

Environment Variables:
JAVA_HOME=E:\jdk-17.0.11
CLASSPATH=.;E:\jdk-17.0.11\lib\dt.jar;E:\jdk-17.0.11\lib\tools.jar; 
PATH=E:\jdk-17.0.11\bin;C:\Program Files (x86)\Common Files\Oracle\Java\javapath;C:\Program Files (x86)\VMware\VMware Player\bin\;C:\Program Files\Common Files\Oracle\Java\javapath;C:\Windows\system32;C:\Windows;C:\Windows\System32\Wbem;C:\Windows\System32\WindowsPowerShell\v1.0\;C:\Windows\System32\OpenSSH\;C:\Program Files\dotnet\;C:\WINDOWS\system32;C:\WINDOWS;C:\WINDOWS\System32\Wbem;C:\WINDOWS\System32\WindowsPowerShell\v1.0\;C:\WINDOWS\System32\OpenSSH\;D:\Program Files\MATLAB\R2022a\runtime\win64;D:\Program Files\MATLAB\R2022a\bin;C:\Program Files (x86)\Microsoft SQL Server\160\Tools\Binn\;C:\Program Files\Microsoft SQL Server\160\Tools\Binn\;C:\Program Files\Microsoft SQL Server\Client SDK\ODBC\170\Tools\Binn\;C:\Program Files\Microsoft SQL Server\160\DTS\Binn\;C:\Program Files (x86)\Microsoft SQL Server\160\DTS\Binn\;C:\Program Files\Azure Data Studio\bin;C:\MCLDownload\ext\jre-v64-220420\jdk17;E:\TOMCAT\apache-tomcat-8.5.81\bin;E:\桌面文件\BookShop\WebContent\WEB-INF\lib\mssql-jdbc-12.4.2.jre8.jar;C:\Program Files\MySQL\MySQL Server 8.2\bin;D:\Anaconda2023.9;D:\Anaconda2023.9\Library;D:\Anaconda2023.9\Scripts;D:\nodejs\;C:\ProgramData\chocolatey\bin;C:\Users\DELL\AppData\Local\Android\Sdk\platform-tools;C:\Users\DELL\AppData\Local\Android\Sdk\tools;C:\Users\DELL\AppData\Local\Android\Sdk\tools\bin;C:\Users\DELL\AppData\Local\Android\Sdk\emulator;C:\Program Files\Git\cmd;E:\桌面文件\Maven\apache-maven-3.9.9\bin;D:\微信web开发者工具\dll;C:\Program Files\MongoDB\Server\8.0\bin;C:\Program Files\Docker\Docker\resources\bin;%NEO4J_HOME%\bin;C:\Program Files\Redis\;E:\jdk-17.0.11;C:\MCLDownload\ext\jre-v64-220420\jdk17;C:\x86_64-8.1.0-release-win32-seh-rt_v6-rev0\bin;D:\软件\Scripts\;D:\软件\;C:\Users\DELL\AppData\Local\Microsoft\WindowsApps;C:\Users\DELL\.dotnet\tools;C:\Program Files\Azure Data Studio\bin;D:\软件\Microsoft VS Code\bin;C:\Program Files\Java\jdk-11.0.6;C:\Program Files\MySQL\MySQL Server 8.2\bin;D:\PyCharm 2023.3.3\bin;;C:\Users\DELL\AppData\Roaming
USERNAME=DELL
OS=Windows_NT
PROCESSOR_IDENTIFIER=Intel64 Family 6 Model 154 Stepping 3, GenuineIntel



---------------  S Y S T E M  ---------------

OS:
 Windows 11 , 64 bit Build 22621 (10.0.22621.4391)
OS uptime: 10 days 20:05 hours
Hyper-V role detected

CPU: total 16 (initial active 16) (8 cores per cpu, 2 threads per core) family 6 model 154 stepping 3 microcode 0x434, cx8, cmov, fxsr, ht, mmx, 3dnowpref, sse, sse2, sse3, ssse3, sse4.1, sse4.2, popcnt, lzcnt, tsc, tscinvbit, avx, avx2, aes, erms, clmul, bmi1, bmi2, adx, sha, fma, vzeroupper, clflush, clflushopt, clwb, hv

Memory: 4k page, system-wide physical 16068M (683M free)
TotalPageFile size 44511M (AvailPageFile size 217M)
current process WorkingSet (physical memory assigned to process): 11M, peak: 11M
current process commit charge ("private bytes"): 66M, peak: 318M

vm_info: Java HotSpot(TM) 64-Bit Server VM (17.0.11+7-LTS-207) for windows-amd64 JRE (17.0.11+7-LTS-207), built on Mar 11 2024 19:01:50 by "mach5one" with MS VC++ 17.6 (VS2022)

END.
